// Jest Snapshot v1, https://goo.gl/fbAQLP

exports[`Accessibility Statement page matches snapshot 1`] = `ShallowWrapper {}`;
