// Jest Snapshot v1, https://goo.gl/fbAQLP

exports[`Privacy Policy page matches snapshot 1`] = `ShallowWrapper {}`;
